/
           0 1988-11-26 03:04:09 UTC -rwxr-xr-x    a.bin   
           0 1973-09-03 10:19:57 UTC -rwxrwxrwx    all.dat 
           0 1988-04-02 21:11:08 UTC -rw-------    bar.txt 
           0 1992-10-24 00:09:46 UTC -rw-------    foo.txt 
