/
          18 1970-01-01 00:00:00 UTC drw-r--r--    a       
           0 1970-01-01 00:00:00 UTC -rw-r--r--        b       
           0 1970-01-01 00:00:00 UTC -rw-r--r--        c       
           0 1970-01-01 00:00:00 UTC -rw-r--r--        d       
