         By CHARLES DICKENS

                                * * * * *

             _With illustrations by Marcus Stone_, _Maurice_
                     _Greiffenhagen_, _and F. Walker_

                                * * * * *

                