XV6_TEST_OUTPUT Hello world!
XV6_TEST_OUTPUT Crash returned -1.
XV6_TEST_OUTPUT Crash returned -1.
