lapicid 0: panic: XV6_TEST_ERROR CRASH SYSTEM CALL INITIATED. CRASHING SYSTEM.
