XV6_TEST_OUTPUT So we see this!
lapicid 0: panic: XV6_TEST_ERROR CRASH SYSTEM CALL INITIATED. CRASHING SYSTEM.
