XV6_TEST_OUTPUT Wrote to file!
lapicid 0: panic: XV6_TEST_ERROR CRASH SYSTEM CALL INITIATED. CRASHING SYSTEM.
