XV6_TEST_OUTPUT Parent calling crash!
XV6_TEST_OUTPUT Parent exiting!!
